15:04:56 **** Incremental Build of configuration Debug for project ESC_JOYSTICK ****
make -j8 all 
arm-none-eabi-gcc "../esc_joystick/Src/ESC.c" -mcpu=cortex-m7 -std=gnu11 -g3 -DDEBUG -DUSE_HAL_DRIVER -DSTM32F746xx -c -I../Core/Inc -I"C:/Users/dimak/STM32CubeIDE/Drone/ESC_JOYSTICK/esc_joystick/Inc" -I../Drivers/STM32F7xx_HAL_Driver/Inc -I../Drivers/STM32F7xx_HAL_Driver/Inc/Legacy -I../Drivers/CMSIS/Device/ST/STM32F7xx/Include -I../Drivers/CMSIS/Include -O0 -ffunction-sections -fdata-sections -Wall -fstack-usage -fcyclomatic-complexity -MMD -MP -MF"esc_joystick/Src/ESC.d" -MT"esc_joystick/Src/ESC.o" --specs=nano.specs -mfpu=fpv5-sp-d16 -mfloat-abi=hard -mthumb -o "esc_joystick/Src/ESC.o"
arm-none-eabi-gcc -o "ESC_JOYSTICK.elf" @"objects.list"   -mcpu=cortex-m7 -T"C:\Users\dimak\STM32CubeIDE\Drone\ESC_JOYSTICK\STM32F746ZGTX_FLASH.ld" --specs=nosys.specs -Wl,-Map="ESC_JOYSTICK.map" -Wl,--gc-sections -static --specs=nano.specs -mfpu=fpv5-sp-d16 -mfloat-abi=hard -mthumb -Wl,--start-group -lc -lm -Wl,--end-group
Finished building target: ESC_JOYSTICK.elf
 
arm-none-eabi-size  ESC_JOYSTICK.elf 
arm-none-eabi-objdump -h -S ESC_JOYSTICK.elf  > "ESC_JOYSTICK.list"
   text	   data	    bss	    dec	    hex	filename
  20276	     20	   3236	  23532	   5bec	ESC_JOYSTICK.elf
Finished building: default.size.stdout
 
Finished building: ESC_JOYSTICK.list
 
